// Jest Snapshot v1, https://goo.gl/fbAQLP

exports[`Analytics should render correctly 1`] = `
<div
  className="analytics"
>
  <h3
    className="text-center"
  >
    Tasks statistics by categories
  </h3>
  <Suspense
    fallback={
      <Spinner
        animation="border"
      />
    }
  >
    <lazy
      chartType="PieChart"
      data={
        Array [
          Array [
            "Task",
            "Quantity",
          ],
          Array [
            "To do",
            2,
          ],
          Array [
            "In progress",
            1,
          ],
          Array [
            "Done",
            0,
          ],
        ]
      }
      height="100%"
      loader={
        <Spinner
          animation="border"
        />
      }
      options={
        Object {
          "chartArea": Object {
            "bottom": 0,
            "left": 0,
            "right": 0,
            "top": 20,
          },
          "legend": Object {
            "alignment": "center",
            "position": "right",
            "textStyle": Object {
              "fontSize": 14,
            },
          },
        }
      }
      width="100%"
    />
  </Suspense>
</div>
`;
