// Jest Snapshot v1, https://goo.gl/fbAQLP

exports[`Main shallow should render correctly 1`] = `
<DragDropContext
  onDragEnd={[Function]}
>
  <div
    className="container"
  >
    <Memo(Column)
      column={
        Object {
          "id": "column-1",
          "taskIds": Array [],
          "title": "To do",
        }
      }
      key="column-1"
      tasks={Array []}
    />
    <Memo(Column)
      column={
        Object {
          "id": "column-2",
          "taskIds": Array [],
          "title": "In progress",
        }
      }
      key="column-2"
      tasks={Array []}
    />
    <Memo(Column)
      column={
        Object {
          "id": "column-3",
          "taskIds": Array [],
          "title": "Done",
        }
      }
      key="column-3"
      tasks={Array []}
    />
  </div>
</DragDropContext>
`;

exports[`Main should render correctly 1`] = `
<DragDropContext
  onDragEnd={[Function]}
>
  <div
    className="container"
  >
    <Memo(Column)
      column={
        Object {
          "id": "column-1",
          "taskIds": Array [],
          "title": "To do",
        }
      }
      key="column-1"
      tasks={Array []}
    />
    <Memo(Column)
      column={
        Object {
          "id": "column-2",
          "taskIds": Array [],
          "title": "In progress",
        }
      }
      key="column-2"
      tasks={Array []}
    />
    <Memo(Column)
      column={
        Object {
          "id": "column-3",
          "taskIds": Array [],
          "title": "Done",
        }
      }
      key="column-3"
      tasks={Array []}
    />
  </div>
</DragDropContext>
`;
